cp ./psoc6/test_inputs/test_fs_small_file.txt :/
cp ./psoc6/test_inputs/test_fs_small_file.txt :/
cp ./psoc6/test_inputs/test_fs_small_file.txt :/
cp ./psoc6/test_inputs/test_fs_small_file.txt :/
cp ./psoc6/test_inputs/test_fs_small_file.txt :/
cp ./psoc6/test_inputs/test_fs_small_file.txt :/
cp ./psoc6/test_inputs/test_fs_small_file.txt :/
